wall_ms=419.9
game_state_calls=35
gunicorn_threads=2
class_size=16
errors=0
media n=16 med=1.2ms p95=1.7ms max=1.7ms
mint n=1 med=68.9ms p95=68.9ms max=68.9ms
preview n=16 med=5.5ms p95=7.7ms max=9.1ms
staff-media n=1 med=2.6ms p95=2.6ms max=2.6ms
staff-state n=1 med=60.9ms p95=60.9ms max=60.9ms
state n=16 med=35.9ms p95=39.5ms max=41.8ms
codes media:200=16 mint:200=1 preview:200=16 staff-media:200=1 staff-state:200=1 state:200=16
---
staff-state	200	60.9ms
staff-media	200	2.6ms
mint	200	68.9ms
media	200	1.7ms
preview	200	5.4ms
state	200	36.5ms
media	200	1.2ms
preview	200	5.6ms
state	200	39.5ms
media	200	1.3ms
preview	200	7.7ms
state	200	28.6ms
media	200	1.2ms
preview	200	6.8ms
state	200	35.5ms
media	200	1.1ms
preview	200	5.4ms
state	200	29.5ms
media	200	1.0ms
preview	200	4.8ms
state	200	31.1ms
media	200	1.7ms
preview	200	6.3ms
state	200	38.0ms
media	200	1.2ms
preview	200	5.0ms
state	200	36.8ms
media	200	1.7ms
preview	200	4.8ms
state	200	38.8ms
media	200	1.4ms
preview	200	2.8ms
state	200	41.8ms
media	200	1.4ms
state	200	39.5ms
preview	200	9.1ms
media	200	1.0ms
preview	200	5.1ms
state	200	33.6ms
media	200	1.3ms
preview	200	5.1ms
state	200	36.3ms
media	200	1.2ms
preview	200	5.5ms
state	200	34.0ms
media	200	1.3ms
preview	200	6.3ms
state	200	35.1ms
media	200	1.1ms
preview	200	6.1ms
state	200	21.0ms
