verdict=PASS
store=postgres
stack=GET /api/student/state -> touch_live_session_heartbeat -> live_presence.resume_if_stale
stack=POST /api/student/heartbeat -> touch_live_session_heartbeat -> live_presence.resume_if_stale
artifact=mcf3m-m1-c2-transformations media=/static/live-media/m1c2-transforms.html group_q=true
repro=N=28 x 4 waves, in-flight=2, heartbeat write window forced to 0s, game-show connection hammering
postgres_heartbeat_writes=336
sqlite_attendee_writes=0
hot_sqlite_writes=0
game_hammer_writes=224970
wall_ms=3195.0
sqlite_lock_logs=0
errors=0
in_transaction school=False game=False
codes heartbeat:200=112 media:200=112 preview:200=112 staff-state:200=4 state:200=112
heartbeat n=112 med=2.7ms p95=3.7ms max=10.1ms
media n=112 med=0.7ms p95=1.3ms max=1.7ms
preview n=112 med=9.8ms p95=13.5ms max=19.7ms
staff-state n=4 med=35.1ms p95=35.5ms max=76.6ms
state n=112 med=39.2ms p95=47.5ms max=50.4ms
---
heartbeat	200	10.1ms
media	200	0.8ms
heartbeat	200	5.0ms
heartbeat	200	2.4ms
heartbeat	200	2.8ms
media	200	0.7ms
preview	200	4.2ms
state	200	37.6ms
heartbeat	200	1.7ms
media	200	0.8ms
preview	200	7.5ms
state	200	36.0ms
heartbeat	200	2.6ms
media	200	0.8ms
preview	200	6.4ms
state	200	42.6ms
heartbeat	200	2.9ms
media	200	1.3ms
preview	200	5.6ms
state	200	40.2ms
heartbeat	200	2.7ms
media	200	0.7ms
preview	200	5.5ms
state	200	36.3ms
heartbeat	200	3.0ms
media	200	0.7ms
preview	200	8.3ms
state	200	39.7ms
heartbeat	200	2.6ms
media	200	0.8ms
preview	200	7.2ms
state	200	34.5ms
heartbeat	200	2.0ms
media	200	0.7ms
preview	200	10.9ms
state	200	42.9ms
heartbeat	200	3.3ms
media	200	1.1ms
preview	200	10.7ms
state	200	39.8ms
heartbeat	200	3.6ms
media	200	0.7ms
preview	200	11.9ms
state	200	39.7ms
heartbeat	200	2.5ms
media	200	0.6ms
preview	200	6.5ms
state	200	44.5ms
heartbeat	200	2.7ms
media	200	0.7ms
preview	200	5.8ms
state	200	41.0ms
heartbeat	200	2.9ms
media	200	0.7ms
preview	200	5.4ms
state	200	33.0ms
heartbeat	200	2.2ms
media	200	0.8ms
preview	200	8.6ms
state	200	37.5ms
heartbeat	200	3.0ms
media	200	1.5ms
preview	200	11.5ms
state	200	38.3ms
heartbeat	200	3.7ms
media	200	0.6ms
preview	200	9.1ms
state	200	41.3ms
heartbeat	200	3.1ms
media	200	0.7ms
preview	200	7.5ms
state	200	42.9ms
heartbeat	200	2.8ms
media	200	0.7ms
preview	200	9.9ms
state	200	41.2ms
preview	200	6.4ms
media	200	0.7ms
preview	200	10.9ms
state	200	40.0ms
heartbeat	200	2.5ms
media	200	0.6ms
preview	200	10.7ms
state	200	35.5ms
heartbeat	200	2.7ms
media	200	0.7ms
preview	200	9.8ms
state	200	37.5ms
heartbeat	200	2.6ms
media	200	0.6ms
preview	200	8.7ms
state	200	36.5ms
heartbeat	200	2.3ms
media	200	0.7ms
state	200	33.9ms
preview	200	12.1ms
heartbeat	200	2.5ms
media	200	0.6ms
preview	200	11.0ms
state	200	36.0ms
media	200	0.7ms
preview	200	6.8ms
state	200	35.3ms
state	200	40.1ms
heartbeat	200	3.3ms
media	200	0.7ms
state	200	40.4ms
preview	200	6.7ms
heartbeat	200	2.4ms
media	200	0.9ms
preview	200	9.4ms
state	200	31.6ms
staff-state	200	35.5ms
heartbeat	200	3.3ms
heartbeat	200	2.6ms
preview	200	12.6ms
state	200	40.2ms
heartbeat	200	1.9ms
media	200	0.7ms
preview	200	12.5ms
state	200	39.1ms
heartbeat	200	4.0ms
media	200	1.1ms
preview	200	13.3ms
state	200	42.6ms
heartbeat	200	2.8ms
media	200	0.8ms
preview	200	11.6ms
state	200	42.7ms
media	200	1.4ms
media	200	1.5ms
preview	200	12.1ms
state	200	48.5ms
heartbeat	200	2.8ms
media	200	0.6ms
preview	200	10.6ms
state	200	46.5ms
heartbeat	200	2.5ms
media	200	0.6ms
preview	200	11.6ms
state	200	39.6ms
heartbeat	200	2.5ms
media	200	0.7ms
preview	200	13.0ms
state	200	39.3ms
heartbeat	200	2.1ms
media	200	1.7ms
preview	200	12.7ms
state	200	46.6ms
heartbeat	200	3.3ms
media	200	1.0ms
state	200	38.0ms
preview	200	10.6ms
heartbeat	200	2.3ms
media	200	0.8ms
preview	200	12.2ms
state	200	38.6ms
heartbeat	200	2.7ms
media	200	0.7ms
state	200	33.9ms
preview	200	10.7ms
heartbeat	200	2.4ms
media	200	0.9ms
preview	200	9.4ms
state	200	32.6ms
heartbeat	200	2.7ms
media	200	0.7ms
state	200	33.0ms
preview	200	11.6ms
heartbeat	200	2.5ms
media	200	0.6ms
preview	200	10.0ms
state	200	37.3ms
heartbeat	200	2.4ms
media	200	0.8ms
state	200	36.1ms
preview	200	11.1ms
heartbeat	200	3.3ms
media	200	0.7ms
preview	200	11.3ms
state	200	38.3ms
heartbeat	200	3.0ms
media	200	0.7ms
preview	200	7.6ms
state	200	40.8ms
heartbeat	200	2.7ms
media	200	0.6ms
preview	200	8.3ms
state	200	38.3ms
heartbeat	200	2.7ms
media	200	0.9ms
preview	200	8.6ms
state	200	35.5ms
heartbeat	200	2.4ms
media	200	0.7ms
preview	200	9.4ms
state	200	37.8ms
heartbeat	200	2.8ms
media	200	0.8ms
preview	200	6.0ms
state	200	39.5ms
heartbeat	200	3.1ms
media	200	0.6ms
preview	200	8.5ms
state	200	39.6ms
heartbeat	200	2.8ms
media	200	0.8ms
state	200	35.6ms
preview	200	14.7ms
heartbeat	200	2.6ms
media	200	0.6ms
preview	200	11.8ms
state	200	36.9ms
heartbeat	200	2.6ms
media	200	0.7ms
preview	200	9.0ms
state	200	39.4ms
heartbeat	200	2.8ms
media	200	0.6ms
preview	200	8.3ms
state	200	38.2ms
heartbeat	200	2.7ms
media	200	0.8ms
preview	200	6.2ms
state	200	42.6ms
staff-state	200	76.6ms
heartbeat	200	2.5ms
media	200	1.3ms
heartbeat	200	2.7ms
preview	200	18.5ms
heartbeat	200	2.3ms
media	200	0.7ms
preview	200	4.6ms
state	200	50.4ms
preview	200	7.0ms
media	200	0.7ms
state	200	31.0ms
preview	200	12.1ms
heartbeat	200	2.0ms
media	200	0.7ms
preview	200	13.5ms
state	200	47.5ms
heartbeat	200	2.3ms
media	200	1.0ms
preview	200	9.7ms
state	200	43.1ms
heartbeat	200	2.7ms
media	200	0.8ms
preview	200	10.0ms
state	200	40.4ms
heartbeat	200	2.8ms
media	200	0.8ms
state	200	47.7ms
state	200	41.4ms
heartbeat	200	2.9ms
media	200	0.6ms
preview	200	11.5ms
state	200	36.0ms
heartbeat	200	2.4ms
media	200	0.7ms
preview	200	12.7ms
state	200	38.3ms
heartbeat	200	2.5ms
media	200	0.8ms
preview	200	7.5ms
state	200	36.6ms
heartbeat	200	3.1ms
media	200	0.7ms
preview	200	9.7ms
state	200	41.3ms
heartbeat	200	2.8ms
media	200	0.7ms
preview	200	6.2ms
state	200	39.8ms
heartbeat	200	2.1ms
media	200	0.7ms
preview	200	8.6ms
state	200	40.0ms
heartbeat	200	1.9ms
media	200	0.6ms
preview	200	5.8ms
state	200	36.9ms
heartbeat	200	2.0ms
media	200	0.7ms
preview	200	8.8ms
state	200	40.9ms
heartbeat	200	2.4ms
media	200	0.8ms
preview	200	9.3ms
state	200	38.2ms
heartbeat	200	2.1ms
media	200	0.7ms
preview	200	8.6ms
state	200	35.7ms
heartbeat	200	2.3ms
media	200	0.7ms
preview	200	12.4ms
state	200	38.9ms
heartbeat	200	2.7ms
media	200	0.7ms
preview	200	10.2ms
state	200	38.3ms
heartbeat	200	2.2ms
media	200	0.9ms
preview	200	9.1ms
state	200	37.6ms
heartbeat	200	2.0ms
media	200	0.7ms
preview	200	10.3ms
state	200	42.2ms
heartbeat	200	2.6ms
media	200	0.7ms
preview	200	8.2ms
state	200	49.1ms
heartbeat	200	3.6ms
media	200	0.6ms
preview	200	7.0ms
state	200	49.3ms
heartbeat	200	2.6ms
media	200	0.7ms
preview	200	8.6ms
state	200	44.7ms
heartbeat	200	2.1ms
media	200	0.6ms
preview	200	12.1ms
state	200	42.6ms
heartbeat	200	2.8ms
media	200	0.7ms
state	200	35.5ms
preview	200	12.4ms
heartbeat	200	3.3ms
media	200	0.6ms
preview	200	10.6ms
state	200	38.5ms
heartbeat	200	3.1ms
media	200	1.0ms
preview	200	11.2ms
state	200	43.1ms
staff-state	200	34.8ms
heartbeat	200	3.2ms
media	200	0.6ms
preview	200	19.7ms
state	200	44.2ms
heartbeat	200	3.0ms
media	200	1.4ms
preview	200	12.2ms
state	200	39.1ms
heartbeat	200	2.8ms
media	200	0.6ms
preview	200	15.6ms
state	200	42.3ms
heartbeat	200	2.6ms
media	200	0.7ms
preview	200	11.4ms
state	200	37.9ms
heartbeat	200	2.4ms
media	200	0.6ms
preview	200	9.9ms
state	200	37.6ms
heartbeat	200	2.3ms
media	200	0.8ms
state	200	37.6ms
preview	200	13.2ms
heartbeat	200	2.6ms
media	200	0.7ms
preview	200	10.3ms
state	200	34.5ms
heartbeat	200	3.3ms
media	200	0.8ms
state	200	34.4ms
preview	200	11.7ms
heartbeat	200	2.7ms
media	200	0.6ms
preview	200	11.6ms
state	200	38.7ms
heartbeat	200	2.4ms
media	200	0.8ms
preview	200	4.6ms
state	200	41.2ms
heartbeat	200	2.9ms
media	200	0.8ms
preview	200	6.8ms
state	200	42.0ms
heartbeat	200	2.7ms
media	200	0.7ms
preview	200	12.7ms
state	200	40.4ms
heartbeat	200	4.2ms
media	200	0.7ms
preview	200	8.9ms
state	200	35.3ms
heartbeat	200	2.6ms
media	200	0.8ms
preview	200	7.4ms
state	200	40.9ms
heartbeat	200	2.9ms
media	200	0.7ms
preview	200	8.3ms
state	200	34.0ms
heartbeat	200	2.4ms
media	200	0.7ms
preview	200	9.2ms
state	200	47.9ms
heartbeat	200	4.1ms
media	200	0.6ms
preview	200	11.7ms
state	200	42.7ms
heartbeat	200	2.9ms
media	200	0.7ms
preview	200	10.7ms
state	200	38.1ms
heartbeat	200	2.9ms
media	200	0.8ms
state	200	38.2ms
preview	200	14.0ms
heartbeat	200	3.9ms
media	200	0.8ms
preview	200	12.0ms
state	200	40.5ms
heartbeat	200	2.6ms
media	200	0.7ms
state	200	40.2ms
preview	200	15.9ms
heartbeat	200	2.6ms
media	200	0.7ms
preview	200	13.3ms
state	200	38.4ms
heartbeat	200	2.5ms
media	200	1.0ms
preview	200	7.2ms
state	200	43.5ms
heartbeat	200	2.7ms
media	200	0.8ms
preview	200	6.7ms
state	200	42.2ms
heartbeat	200	2.7ms
media	200	0.7ms
preview	200	6.2ms
state	200	37.4ms
heartbeat	200	2.5ms
media	200	0.6ms
preview	200	6.5ms
state	200	38.0ms
heartbeat	200	2.8ms
media	200	0.7ms
preview	200	5.8ms
state	200	44.8ms
heartbeat	200	3.0ms
media	200	0.7ms
preview	200	5.8ms
state	200	37.9ms
staff-state	200	32.8ms
