verdict=PASS
stack=GET /api/student/state -> student_state -> _require_active_live_attendee -> touch_live_session_heartbeat -> _resume_live_attendee
stack=POST /api/student/heartbeat -> touch_live_session_heartbeat -> _resume_live_attendee
artifact=mcf3m-m1-c2-transformations media=/static/live-media/m1c2-transforms.html group_q=false
repro=N=12 x 4 waves, in-flight=2, heartbeat write window forced to 0s
resume_writes=96
wall_ms=1044.1
sqlite_lock_logs=0
errors=0
in_transaction school=False game=False
codes heartbeat:200=48 media:200=48 staff-state:200=4 state:200=48
heartbeat n=48 med=2.7ms p95=8.1ms max=11.7ms
media n=48 med=1.2ms p95=2.4ms max=7.7ms
staff-state n=4 med=24.8ms p95=30.6ms max=32.4ms
state n=48 med=34.8ms p95=42.3ms max=47.3ms
---
heartbeat	200	3.7ms
heartbeat	200	2.7ms
media	200	1.7ms
heartbeat	200	2.0ms
media	200	1.0ms
state	200	45.2ms
heartbeat	200	2.6ms
state	200	36.0ms
media	200	5.8ms
heartbeat	200	8.1ms
media	200	0.9ms
state	200	25.8ms
media	200	1.3ms
state	200	23.3ms
media	200	6.9ms
heartbeat	200	1.2ms
media	200	0.8ms
state	200	24.0ms
state	200	18.8ms
heartbeat	200	1.1ms
media	200	0.9ms
heartbeat	200	1.6ms
state	200	15.5ms
state	200	26.3ms
heartbeat	200	5.2ms
media	200	1.1ms
state	200	45.2ms
heartbeat	200	4.6ms
media	200	2.4ms
state	200	30.5ms
heartbeat	200	2.0ms
media	200	1.0ms
state	200	14.9ms
state	200	24.4ms
media	200	1.2ms
heartbeat	200	10.6ms
staff-state	200	17.6ms
heartbeat	200	11.7ms
media	200	1.2ms
state	200	36.2ms
heartbeat	200	3.4ms
media	200	1.0ms
state	200	47.3ms
heartbeat	200	9.2ms
media	200	2.0ms
state	200	37.4ms
heartbeat	200	1.2ms
media	200	1.3ms
state	200	29.6ms
state	200	42.3ms
media	200	1.4ms
heartbeat	200	7.1ms
heartbeat	200	2.0ms
media	200	7.7ms
state	200	20.7ms
heartbeat	200	2.0ms
media	200	1.0ms
state	200	35.2ms
heartbeat	200	2.5ms
media	200	1.6ms
state	200	36.2ms
heartbeat	200	2.5ms
media	200	1.1ms
state	200	35.5ms
heartbeat	200	2.9ms
media	200	1.9ms
state	200	34.9ms
heartbeat	200	1.7ms
media	200	1.3ms
state	200	31.5ms
heartbeat	200	2.3ms
media	200	1.4ms
state	200	31.4ms
staff-state	200	18.9ms
heartbeat	200	3.2ms
media	200	1.5ms
state	200	37.1ms
heartbeat	200	3.2ms
media	200	1.6ms
state	200	39.5ms
heartbeat	200	2.7ms
media	200	1.1ms
state	200	34.4ms
heartbeat	200	3.4ms
media	200	1.0ms
state	200	34.8ms
heartbeat	200	2.2ms
media	200	1.3ms
state	200	34.6ms
heartbeat	200	3.1ms
media	200	1.5ms
state	200	35.3ms
heartbeat	200	2.5ms
media	200	1.2ms
state	200	34.0ms
heartbeat	200	2.8ms
media	200	1.5ms
state	200	41.1ms
heartbeat	200	2.1ms
media	200	1.3ms
state	200	25.2ms
heartbeat	200	2.0ms
media	200	1.0ms
state	200	35.2ms
heartbeat	200	2.4ms
media	200	1.0ms
state	200	34.8ms
heartbeat	200	2.3ms
media	200	1.2ms
state	200	39.0ms
staff-state	200	32.4ms
heartbeat	200	3.8ms
media	200	1.1ms
state	200	34.2ms
heartbeat	200	2.3ms
media	200	1.3ms
state	200	36.5ms
heartbeat	200	1.8ms
media	200	0.9ms
state	200	38.8ms
heartbeat	200	2.6ms
media	200	1.0ms
state	200	40.4ms
heartbeat	200	2.2ms
media	200	1.1ms
state	200	28.2ms
heartbeat	200	3.2ms
media	200	1.2ms
state	200	41.9ms
heartbeat	200	2.3ms
media	200	1.1ms
state	200	36.0ms
heartbeat	200	3.1ms
media	200	1.6ms
state	200	37.5ms
heartbeat	200	2.7ms
media	200	1.1ms
state	200	36.1ms
heartbeat	200	2.8ms
media	200	1.4ms
state	200	34.7ms
heartbeat	200	5.0ms
media	200	0.9ms
state	200	25.7ms
heartbeat	200	3.8ms
media	200	1.0ms
state	200	29.6ms
staff-state	200	30.6ms
